node.exe : FAIL src/tests/index.test.ts
строка:1 знак:1
+ & "C:\Program Files\nodejs/node.exe" "C:\Users\lesha\AppData\Roaming\ ...
+ ~~~~~~~~~~~~~~~~~~~~~~~~~~~~~~~~~~~~~~~~~~~~~~~~~~~~~~~~~~~~~~~~~~~~~
    + CategoryInfo          : NotSpecified: (FAIL src/tests/index.test.ts:Stri 
   ng) [], RemoteException
    + FullyQualifiedErrorId : NativeCommandError
 
  тЧП Test suite failed to run

    [96msrc/tests/index.test.ts[0m:[93m1[0m:[93m22[0m - [91merror[0m[9
0m TS2307: [0mCannot find module '../dist/index.js' or its corresponding type 
declarations.

    [7m1[0m import mongomod from '../dist/index.js';
    [7m [0m [91m                     ~~~~~~~~~~~~~~~~~~[0m
    [96msrc/tests/index.test.ts[0m:[93m3[0m:[93m1[0m - [91merror[0m[90
m TS2593: [0mCannot find name 'describe'. Do you need to install type definiti
ons for a test runner? Try `npm i --save-dev @types/jest` or `npm i --save-dev 
@types/mocha` and then add 'jest' or 'mocha' to the types field in your tsconfi
g.

    [7m3[0m describe('index.js returns a mongomod instance', () => {
    [7m [0m [91m~~~~~~~~[0m
    [96msrc/tests/index.test.ts[0m:[93m4[0m:[93m5[0m - [91merror[0m[90
m TS2593: [0mCannot find name 'it'. Do you need to install type definitions fo
r a test runner? Try `npm i --save-dev @types/jest` or `npm i --save-dev @types
/mocha` and then add 'jest' or 'mocha' to the types field in your tsconfig.

    [7m4[0m     it('should return a mongomod instance', () => {
    [7m [0m [91m    ~~[0m
    [96msrc/tests/index.test.ts[0m:[93m6[0m:[93m9[0m - [91merror[0m[90
m TS2304: [0mCannot find name 'expect'.

    [7m6[0m         expect(mongomod).toBeDefined();
    [7m [0m [91m        ~~~~~~[0m
    [96msrc/tests/index.test.ts[0m:[93m7[0m:[93m9[0m - [91merror[0m[90
m TS2304: [0mCannot find name 'expect'.

    [7m7[0m         expect(typeof mongomod).toBe('object');
    [7m [0m [91m        ~~~~~~[0m
    [96msrc/tests/index.test.ts[0m:[93m10[0m:[93m5[0m - [91merror[0m[9
0m TS2593: [0mCannot find name 'it'. Do you need to install type definitions f
or a test runner? Try `npm i --save-dev @types/jest` or `npm i --save-dev @type
s/mocha` and then add 'jest' or 'mocha' to the types field in your tsconfig.

    [7m10[0m     it('should have createModel function', () => {
    [7m  [0m [91m    ~~[0m
    [96msrc/tests/index.test.ts[0m:[93m11[0m:[93m9[0m - [91merror[0m[9
0m TS2304: [0mCannot find name 'expect'.

    [7m11[0m         expect(mongomod.createModel).toBeDefined();
    [7m  [0m [91m        ~~~~~~[0m
    [96msrc/tests/index.test.ts[0m:[93m12[0m:[93m9[0m - [91merror[0m[9
0m TS2304: [0mCannot find name 'expect'.

    [7m12[0m         expect(typeof mongomod.createModel).toBe('function');
    [7m  [0m [91m        ~~~~~~[0m

Test Suites: 1 failed, 1 total
Tests:       0 total
Snapshots:   0 total
Time:        3.848 s
Ran all test suites matching /src\\tests\\index.test.ts/i.
